
> frontend@0.1.0 build
> next build

node : ΓÜá Warning: Next.js inferred your workspace root, but it may not be 
correct.
At line:1 char:47
+ ... \frontend"; node "C:\Program Files\nodejs\node_modules\npm\bin\npm-cl ...
+                 ~~~~~~~~~~~~~~~~~~~~~~~~~~~~~~~~~~~~~~~~~~~~~~~~~~~~~~~~~
    + CategoryInfo          : NotSpecified: (ΓÜá Warning: Ne...not be correct. 
   :String) [], RemoteException
    + FullyQualifiedErrorId : NativeCommandError
 
 We detected multiple lockfiles and selected the directory of 
C:\Users\SCV\package-lock.json as the root directory.
 To silence this warning, set `turbopack.root` in your Next.js config, or 
consider removing one of the lockfiles if it's not needed.
   See https://nextjs.org/docs/app/api-reference/config/next-config-js/turbopac
k#root-directory for more information.
 Detected additional lockfiles: 
   * C:\Users\SCV\3D Objects\nerota\frontend\package-lock.json

Γû▓ Next.js 16.2.4 (Turbopack)
- Environments: .env.local

  Creating an optimized production build ...
Γ£ô Compiled successfully in 16.6s
  Running TypeScript ...
  Finished TypeScript in 7.8s ...
  Collecting page data using 3 workers ...
  Generating static pages using 3 workers (0/18) ...
  Generating static pages using 3 workers (4/18) 
  Generating static pages using 3 workers (8/18) 
  Generating static pages using 3 workers (13/18) 
Γ£ô Generating static pages using 3 workers (18/18) in 880ms
  Finalizing page optimization ...

Route (app)
Γöî Γùï /
Γö£ Γùï /_not-found
Γö£ Γùï /about
Γö£ ╞Æ /api/auth/[...nextauth]
Γö£ Γùï /cart
Γö£ Γùï /checkout
Γö£ Γùï /contact
Γö£ ╞Æ /events/[category]
Γö£ Γùï /gallery
Γö£ Γùï /login
Γö£ Γùï /notifications
Γö£ Γùï /orders
Γö£ ╞Æ /orders/[id]
Γö£ Γùï /privacy
Γö£ Γùï /profile
Γö£ Γùï /saved-addresses
Γö£ Γùï /search
Γö£ Γùï /signup
Γöö Γùï /wishlist


Γùï  (Static)   prerendered as static content
╞Æ  (Dynamic)  server-rendered on demand

